// Vitest Snapshot v1

exports[`testing the component > should render the ErrorPage and take snapshot 1`] = `
<div>
  <div
    class="card info-form "
  >
    <h3
      data-testid="message"
    >
      Oops!
    </h3>
    <p>
      are you lost?
    </p>
  </div>
</div>
`;
