// Vitest Snapshot v1

exports[`testing the component > should render the TodoList and take snapshot 1`] = `
<div>
  <div
    class="listCards animate__animated animate__fadeIn"
  />
</div>
`;
